<html xmlns="http://www.w3.org/1999/xhtml"><head><meta http-equiv="Content-Type" content="text/html; charset=utf-8"></head>
<p>Portaria nº <a>807/2008</a></p>
<p>de 8 de Agosto</p>
<p>Em conformidade com o preceituado no nº 3 do artigo <a>84º</a> do Decreto-Lei nº <a>422/89</a>, de 2 de Dezembro, com a redacção do Decreto-Lei nº <a>10/95</a>, de 19 de Janeiro, 25 % do montante do imposto especial de jogo que, em cada ano, constitui receita própria do Turismo de Portugal, I. P., devem ser aplicados por este instituto no financiamento de investimentos de interesse para o turismo a realizar na área dos municípios onde os casinos se localizem.</p>
<p>Nos termos do disposto no artigo <a>151º</a> do mesmo Decreto-Lei nº <a>422/89</a>, o estudo e elaboração dos correspondentes planos de obras incumbe a comissões nomeadas mediante portaria do membro do Governo com tutela sobre o sector do turismo, a quem compete, ainda, a aprovação final dos citados planos de obras.</p>
<p>A composição das referidas comissões está presentemente regulamentada na Portaria nº <a>415/90</a>, de 2 de Junho.</p>
<p>Porém, a recente e profunda reestruturação dos organismos da administração central do sector do turismo, concretizada no âmbito do Programa de Reestruturação da Administração Central do Estado (PRACE) que concentrou todos aqueles organismos no Turismo de Portugal, I. P., exige a reformulação integral da composição das referidas comissões, por forma que a mesma passe a reflectir a nova realidade institucional.</p>
<p>Na definição da composição das comissões encarregadas do estudo e elaboração dos planos de obras efectuam-se os ajustamentos impostos pela nova moldura institucional e dá-se expressão mais adequada à função nuclear que o Turismo de Portugal, I. P., desempenha no procedimento, sem deixar de dar a devida relevância à posição dos eleitos autárquicos a quem respeita o desenvolvimento turística local.</p>
<p>Assim:</p>
<p>Nos termos do nº 1 do artigo <a>151º</a> e dos artigos <a>154º</a> e <a>155º</a>, todos do Decreto-Lei nº <a>422/89</a>, de 2 de Dezembro, manda o Governo, pelo Secretário de Estado do Turismo, o seguinte:</p>
<div class="article" id="Artigo-1º"><h5 class="title">Artigo <a href="#Artigo-1º">1º</a>
<p>Composição</p></h5><ol><li class="number list-unstyled" id="Artigo-1º-Número-1">
<span><a href="#Artigo-1º-Número-1">1 -</a></span>
<span> As comissões a que se refere o artigo <a>151º</a> do Decreto-Lei nº <a>422/89</a>, de 2 de Dezembro, são compostas por um presidente e dois vogais.</span></li><li class="number list-unstyled" id="Artigo-1º-Número-2">
<span><a href="#Artigo-1º-Número-2">2 -</a></span>
<span> Sempre que numa zona de jogo haja mais de um casino, é constituída uma comissão em cada um dos municípios onde os mesmos estejam instalados.</span></li><li class="number list-unstyled" id="Artigo-1º-Número-3">
<span><a href="#Artigo-1º-Número-3">3 -</a></span>
<span> O presidente de cada comissão é o presidente da câmara municipal do município onde se encontra localizado um casino.</span></li><li class="number list-unstyled" id="Artigo-1º-Número-4">
<span><a href="#Artigo-1º-Número-4">4 -</a></span>
<span> Os vogais das comissões de obras são o presidente do conselho directivo do Turismo de Portugal, I. P., e o director do Serviço de Inspecção de Jogos do Turismo de Portugal, I. P.</span></li><li class="number list-unstyled" id="Artigo-1º-Número-5">
<span><a href="#Artigo-1º-Número-5">5 -</a></span>
<span> Sempre que a natureza ou as características dos projectos o justifiquem, as comissões podem convidar as entidades regionais de turismo e as comissões de coordenação e desenvolvimento regional para participarem nas reuniões, sem direito de voto.</span></li><li class="number list-unstyled" id="Artigo-1º-Número-6">
<span><a href="#Artigo-1º-Número-6">6 -</a></span>
<span> Os membros das comissões, incluindo o respectivo presidente, não auferem qualquer remuneração pelo exercício dos cargos e podem fazer-se representar nas reuniões das mesmas.</span></li></ol></div>
<div class="article" id="Artigo-2º"><h5 class="title">Artigo <a href="#Artigo-2º">2º</a>
<p>Projectos</p></h5><ol><li class="number list-unstyled" id="Artigo-2º-Número-1">
<span><a href="#Artigo-2º-Número-1">1 -</a></span>
<span> Os planos de obras podem integrar obras, eventos e outras actividades de interesse para o turismo a realizar nos municípios abrangidos.</span></li><li class="number list-unstyled" id="Artigo-2º-Número-2">
<span><a href="#Artigo-2º-Número-2">2 -</a></span>
<span> Os financiamentos dos projectos pelo Turismo de Portugal, I. P., são concedidos aos municípios ou a outras entidades por aqueles indicadas.</span></li><li class="number list-unstyled" id="Artigo-2º-Número-3">
<span><a href="#Artigo-2º-Número-3">3 -</a></span>
<span> Os financiamentos referidos no número anterior devem ser adequadamente publicitados, designadamente através do recurso a placas de divulgação, quer durante os trabalhos ou realizações quer, nos casos de obras construídas, com placa definitiva.</span></li></ol></div>
<div class="article" id="Artigo-3º"><h5 class="title">Artigo <a href="#Artigo-3º">3º</a>
<p>Procedimentos</p></h5><ol><li class="number list-unstyled" id="Artigo-3º-Número-1">
<span><a href="#Artigo-3º-Número-1">1 -</a></span>
<span> As deliberações das comissões relativas aos projectos a integrar nos planos de obras são precedidas de análise técnica e de interesse turístico a cargo do Turismo de Portugal, I. P., a quem as propostas a apresentar devem ser remetidas com a antecedência mínima de 12 dias úteis relativamente à data prevista da reunião da comissão.</span></li><li class="number list-unstyled" id="Artigo-3º-Número-2">
<span><a href="#Artigo-3º-Número-2">2 -</a></span>
<span> A análise do Turismo de Portugal, I. P., integra a cabimentação orçamental prévia dos projectos.</span></li><li class="number list-unstyled" id="Artigo-3º-Número-3">
<span><a href="#Artigo-3º-Número-3">3 -</a></span>
<span> Para efeitos do preceituado no nº 1, o Turismo de Portugal, I. P., pode solicitar a outros serviços do Estado os pareceres técnicos que se revelem necessários, os quais integra nas análises efectuadas.</span></li><li class="number list-unstyled" id="Artigo-3º-Número-4">
<span><a href="#Artigo-3º-Número-4">4 -</a></span>
<span> Sempre que a concretização dos projectos dependa de autorizações de entidades públicas ou da prática por estas de quaisquer outros actos administrativos, a concessão dos financiamentos fica resolutivamente condicionada à prova da obtenção dos mesmos.</span></li><li class="number list-unstyled" id="Artigo-3º-Número-5">
<span><a href="#Artigo-3º-Número-5">5 -</a></span>
<span> A demonstração a que se refere o número anterior é efectuada pelo municípios junto do Turismo de Portugal, I. P., nos termos por este definidos.</span></li></ol></div>
<div class="article" id="Artigo-4º"><h5 class="title">Artigo <a href="#Artigo-4º">4º</a>
<p>Deliberações das comissões e aprovação dos planos de obras</p></h5><ol><li class="number list-unstyled" id="Artigo-4º-Número-1">
<span><a href="#Artigo-4º-Número-1">1 -</a></span>
<span> Recebidas as análises do Turismo de Portugal, I. P., os presidentes das comissões convocam reuniões destas, com a antecedência mínima de cinco dias úteis.</span></li><li class="number list-unstyled" id="Artigo-4º-Número-2">
<span><a href="#Artigo-4º-Número-2">2 -</a></span>
<span> As deliberações das comissões são aprovadas por maioria.</span></li><li class="number list-unstyled" id="Artigo-4º-Número-3">
<span><a href="#Artigo-4º-Número-3">3 -</a></span>
<span> Não são admitidas abstenções.</span></li><li class="number list-unstyled" id="Artigo-4º-Número-4">
<span><a href="#Artigo-4º-Número-4">4 -</a></span>
<span> Os planos definidos pelas comissões são por estas submetidos a aprovação do membro do Governo com tutela sobre o sector do turismo.</span></li></ol></div>
<div class="article" id="Artigo-5º"><h5 class="title">Artigo <a href="#Artigo-5º">5º</a>
<p>Orçamento</p></h5>
<p>A dotação anual disponível para o financiamento de cada plano de obras tem por limite máximo, incluindo eventuais saldos transitados, a previsão constante do orçamento do Turismo de Portugal, I. P., para o exercício correspondente.</p></div>
<div class="article" id="Artigo-6º"><h5 class="title">Artigo <a href="#Artigo-6º">6º</a>
<p>Execução financeira dos planos de obras</p></h5><ol><li class="number list-unstyled" id="Artigo-6º-Número-1">
<span><a href="#Artigo-6º-Número-1">1 -</a></span>
<span> Os prazos para a realização dos projectos integrados nos planos de obras não podem exceder três anos, prorrogáveis pelo Turismo de Portugal, I. P., até ao limite de mais dois anos.</span></li><li class="number list-unstyled" id="Artigo-6º-Número-2">
<span><a href="#Artigo-6º-Número-2">2 -</a></span>
<span> Os prazos máximos a que se refere o número anterior apenas podem ser prorrogados pelo membro do Governo com tutela sobre o sector do turismo se, para o efeito, se verificar a ocorrência de circunstâncias supervenientes não imputáveis aos promotores.</span></li><li class="number list-unstyled" id="Artigo-6º-Número-3">
<span><a href="#Artigo-6º-Número-3">3 -</a></span>
<span> As comissões devem solicitar ao Turismo de Portugal, I. P., a descativação das verbas não utilizadas nos prazos definidos para tal efeito, sem prejuízo de poderem formular propostas de reafectação das mesmas a outros projectos, desde que o termo final do prazo de execução destes não exceda o termo final do prazo de execução dos projectos para os quais as dotações haviam sido inicialmente consignadas.</span></li></ol></div>
<div class="article" id="Artigo-7º"><h5 class="title">Artigo <a href="#Artigo-7º">7º</a>
<p>Verbas não utilizadas</p></h5>
<p>Para efeitos do disposto no artigo <a>155º</a> do Decreto-Lei nº <a>422/89</a>, de 2 de Dezembro, são anualmente apuradas as verbas perdidas a favor do Turismo de Portugal, I. P.</p></div>
<div class="article" id="Artigo-8º"><h5 class="title">Artigo <a href="#Artigo-8º">8º</a>
<p>Início da actividade</p></h5><ol><li class="number list-unstyled" id="Artigo-8º-Número-1">
<span><a href="#Artigo-8º-Número-1">1 -</a></span>
<span> Sem prejuízo do preceituado no número seguinte, as novas comissões ficam instituídas e iniciam a respectiva actividade com a entrada em vigor do presente diploma.</span></li><li class="number list-unstyled" id="Artigo-8º-Número-2">
<span><a href="#Artigo-8º-Número-2">2 -</a></span>
<span> A comissão de Grândola iniciará funções após o início da exploração do casino de Tróia.</span></li><li class="number list-unstyled" id="Artigo-8º-Número-3">
<span><a href="#Artigo-8º-Número-3">3 -</a></span>
<span> O exercício das funções de membro das comissões decorre do desempenho do cargo que justifica a participação naqueles órgãos e perdura enquanto este se mantiver, não dependendo de qualquer acto expresso de nomeação ou de cessação de funções.</span></li><li class="number list-unstyled" id="Artigo-8º-Número-4">
<span><a href="#Artigo-8º-Número-4">4 -</a></span>
<span> As comissões constituídas ao abrigo da Portaria nº <a>415/90</a>, de 2 de Junho, cessam funções com a transferência dos processos e expediente para as novas comissões.</span></li><li class="number list-unstyled" id="Artigo-8º-Número-5">
<span><a href="#Artigo-8º-Número-5">5 -</a></span>
<span> As novas comissões analisam os planos em vigor e propõem as alterações aos mesmos que se possam justificar, designadamente as que decorram da não realização de projectos neles previstos, devendo confirmar expressamente os projectos que entendam manter, bem como a respectiva cabimentação.</span></li></ol></div>
<div class="article" id="Artigo-9º"><h5 class="title">Artigo <a href="#Artigo-9º">9º</a>
<p>Disposições finais</p></h5><ol><li class="number list-unstyled" id="Artigo-9º-Número-1">
<span><a href="#Artigo-9º-Número-1">1 -</a></span>
<span> O presente diploma produz efeitos desde 30 de Julho de 2008 e aplica-se apenas às comissões instituídas no território continental.</span></li><li class="number list-unstyled" id="Artigo-9º-Número-2">
<span><a href="#Artigo-9º-Número-2">2 -</a></span>
<span> O anexo ao presente diploma identifica as comissões a que alude o número anterior.</span></li><li class="number list-unstyled" id="Artigo-9º-Número-3">
<span><a href="#Artigo-9º-Número-3">3 -</a></span>
<span> É revogada a Portaria nº <a>415/90</a>, de 2 de Junho.</span>
<p>O Secretário de Estado do Turismo, Bernardo Luís Amador Trindade, em 31 de Julho de 2008.</p></li></ol></div>
<div class="annex" id="Anexo-"><h2 class="title">Anexo
<p>Elenco das comissões a que se refere o nº 2 do artigo <a>9º</a></p></h2>
<p>Comissões para o estudo e elaboração de planos de obras:</p>
<p>Cascais;</p>
<p>Chaves;</p>
<p>Espinho;</p>
<p>Figueira da Foz;</p>
<p>Grândola;</p>
<p>Lisboa;</p>
<p>Loulé;</p>
<p>Portimão;</p>
<p>Póvoa de Varzim;</p>
<p>Vila Real de Santo António.</p></div></html>