<html xmlns="http://www.w3.org/1999/xhtml"><head><meta http-equiv="Content-Type" content="text/html; charset=utf-8"></head><div><ul class="tree">
<li><h5 class="tree-toggler">Título I Princípios e disposições comuns</h5><ul class="tree">
<li><a href="#artigo-1º">Artigo 1º Objecto e âmbito</a></li>
<li><a href="#artigo-2º">Artigo 2º Missão do ensino superior</a></li>
<li><a href="#artigo-3º">Artigo 3º Natureza binária do sistema de ensino superior</a></li>
<li><a href="#artigo-4º">Artigo 4º Ensino superior público e privado</a></li>
<li><a href="#artigo-5º">Artigo 5º Instituições de ensino superior</a></li>
<li><a href="#artigo-6º">Artigo 6º Instituições de ensino universitário</a></li>
<li><a href="#artigo-7º">Artigo 7º Instituições de ensino politécnico</a></li>
<li><a href="#artigo-8º">Artigo 8º Atribuições das instituições de ensino superior</a></li>
<li><a href="#artigo-9º">Artigo 9º Natureza e regime jurídico</a></li>
<li><a href="#artigo-10º">Artigo 10º Denominação</a></li>
<li><a href="#artigo-11º">Artigo 11º Autonomia das instituições de ensino superior</a></li>
<li><a href="#artigo-12º">Artigo 12º Diversidade de organização</a></li>
<li><a href="#artigo-13º">Artigo 13º Unidades orgânicas</a></li>
<li><a href="#artigo-14º">Artigo 14º Unidades orgânicas e outras instituições de investigação</a></li>
<li><a href="#artigo-15º">Artigo 15º Entidades de direito privado</a></li>
<li><a href="#artigo-16º">Artigo 16º Cooperação entre instituições</a></li>
<li><a href="#artigo-17º">Artigo 17º Consórcios</a></li>
<li><a href="#artigo-18º">Artigo 18º Associações e organismos representativos</a></li>
<li><a href="#artigo-19º">Artigo 19º Participação na política do ensino e investigação</a></li>
<li><a href="#artigo-20º">Artigo 20º Acção social escolar e outros apoios educativos</a></li>
<li><a href="#artigo-21º">Artigo 21º Associativismo estudantil</a></li>
<li><a href="#artigo-22º">Artigo 22º Trabalhadores-estudantes</a></li>
<li><a href="#artigo-23º">Artigo 23º Antigos estudantes</a></li>
<li><a href="#artigo-24º">Artigo 24º Apoio à inserção na vida activa</a></li>
<li><a href="#artigo-25º">Artigo 25º Provedor do estudante</a></li>
<li><a href="#artigo-26º">Artigo 26º Atribuições do Estado</a></li>
<li><a href="#artigo-27º">Artigo 27º Competências do Governo</a></li>
<li><a href="#artigo-28º">Artigo 28º Financiamento e apoio do Estado</a></li>
<li><a href="#artigo-29º">Artigo 29º Registos e publicidade</a></li>
<li><a href="#artigo-30º">Artigo 30º Obrigações das entidades instituidoras de estabelecimentos de ensino superior privados</a></li></ul></li>
<li><h5 class="tree-toggler">Título II Instituições, unidades orgânicas e ciclos de estudos</h5><ul class="tree">
<li><h5 class="tree-toggler">Capítulo I Forma e procedimento de criação de instituições</h5><ul class="tree">
<li><a href="#artigo-31º">Artigo 31º Instituições de ensino superior públicas</a></li>
<li><a href="#artigo-32º">Artigo 32º Estabelecimentos de ensino superior privados</a></li>
<li><a href="#artigo-33º">Artigo 33º Reconhecimento de interesse público</a></li>
<li><a href="#artigo-34º">Artigo 34º Decisão sobre os pedidos de reconhecimento de interesse público</a></li>
<li><a href="#artigo-35º">Artigo 35º Forma do reconhecimento de interesse público</a></li>
<li><a href="#artigo-36º">Artigo 36º Funcionamento de estabelecimento não reconhecido</a></li>
<li><a href="#artigo-37º">Artigo 37º Transmissão, integração ou fusão de estabelecimento</a></li>
<li><a href="#artigo-38º">Artigo 38º Período de instalação</a></li></ul></li>
<li><h5 class="tree-toggler">Capítulo II Requisitos dos estabelecimentos</h5><ul class="tree">
<li><a href="#artigo-39º">Artigo 39º Igualdade de requisitos</a></li>
<li><a href="#artigo-40º">Artigo 40º Requisitos gerais dos estabelecimentos de ensino superior</a></li>
<li><a href="#artigo-41º">Artigo 41º Instalações</a></li>
<li><a href="#artigo-42º">Artigo 42º Requisitos das universidades</a></li>
<li><a href="#artigo-43º">Artigo 43º Requisitos dos institutos universitários</a></li>
<li><a href="#artigo-44º">Artigo 44º Requisitos dos institutos politécnicos</a></li>
<li><a href="#artigo-45º">Artigo 45º Requisitos de outros estabelecimentos de ensino superior</a></li>
<li><a href="#artigo-46º">Artigo 46º Instituições em regime de instalação</a></li></ul></li>
<li><h5 class="tree-toggler">Capítulo III Corpo docente</h5><ul class="tree">
<li><a href="#artigo-47º">Artigo 47º Corpo docente das instituições de ensino universitário</a></li>
<li><a href="#artigo-48º">Artigo 48º Título de especialista</a></li>
<li><a href="#artigo-49º">Artigo 49º Corpo docente das instituições de ensino politécnico</a></li>
<li><a href="#artigo-50º">Artigo 50º Estabilidade do corpo docente e de investigação</a></li>
<li><a href="#artigo-51º">Artigo 51º Acumulações e incompatibilidades dos docentes</a></li>
<li><a href="#artigo-52º">Artigo 52º Corpo docente dos estabelecimentos de ensino superior privados</a></li>
<li><a href="#artigo-53º">Artigo 53º Regime do pessoal docente e de investigação das instituições privadas</a></li></ul></li>
<li><h5 class="tree-toggler">Capítulo IV Fusão, integração, cisão, extinção e transferência de instituições de ensino superior</h5><ul class="tree">
<li><h5 class="tree-toggler">Secção I Ensino superior público</h5><ul class="tree">
<li><a href="#artigo-54º">Artigo 54º Medidas de racionalização do ensino superior público</a></li>
<li><a href="#artigo-55º">Artigo 55º Fusão, integração, cisão e extinção de instituições de ensino superior públicas</a></li></ul></li>
<li><h5 class="tree-toggler">Secção II Ensino superior privado</h5><ul class="tree">
<li><a href="#artigo-56º">Artigo 56º Encerramento voluntário</a></li>
<li><a href="#artigo-57º">Artigo 57º Fusão, integração ou transferência</a></li>
<li><a href="#artigo-58º">Artigo 58º Guarda da documentação</a></li></ul></li></ul></li>
<li><h5 class="tree-toggler">Capítulo V Criação, transformação, cisão, fusão e extinção de unidades orgânicas</h5><ul class="tree">
<li><a href="#artigo-59º">Artigo 59º Criação, transformação, cisão, fusão e extinção</a></li>
<li><a href="#artigo-60º">Artigo 60º Subunidades orgânicas</a></li></ul></li>
<li><h5 class="tree-toggler">Capítulo VI Ciclos de estudos</h5><ul class="tree">
<li><a href="#artigo-61º">Artigo 61º Criação, acreditação e registo de ciclos de estudos</a></li>
<li><a href="#artigo-62º">Artigo 62º Funcionamento de ciclos de estudos não registados</a></li>
<li><a href="#artigo-63º">Artigo 63º Revogação da acreditação e do registo</a></li>
<li><a href="#artigo-64º">Artigo 64º Limitações quantitativas</a></li></ul></li></ul></li>
<li><h5 class="tree-toggler">Título III Organização e gestão das instituições de ensino superior públicas</h5><ul class="tree">
<li><h5 class="tree-toggler">Capítulo I Princípios gerais</h5><ul class="tree">
<li><a href="#artigo-65º">Artigo 65º Organização e gestão</a></li></ul></li>
<li><h5 class="tree-toggler">Capítulo II Estatutos</h5><ul class="tree">
<li><a href="#artigo-66º">Artigo 66º Autonomia estatutária</a></li>
<li><a href="#artigo-67º">Artigo 67º Objecto dos estatutos</a></li>
<li><a href="#artigo-68º">Artigo 68º Aprovação e revisão dos estatutos</a></li>
<li><a href="#artigo-69º">Artigo 69º Homologação e publicação dos estatutos</a></li></ul></li>
<li><h5 class="tree-toggler">Capítulo III Autonomia académica</h5><ul class="tree">
<li><a href="#artigo-70º">Artigo 70º Autonomia na definição da missão</a></li>
<li><a href="#artigo-71º">Artigo 71º Autonomia académica</a></li>
<li><a href="#artigo-72º">Artigo 72º Autonomia cultural</a></li>
<li><a href="#artigo-73º">Artigo 73º Autonomia científica</a></li>
<li><a href="#artigo-74º">Artigo 74º Autonomia pedagógica</a></li>
<li><a href="#artigo-75º">Artigo 75º Autonomia disciplinar</a></li></ul></li>
<li><h5 class="tree-toggler">Capítulo IV Governo próprio e autonomia de gestão</h5><ul class="tree">
<li><h5 class="tree-toggler">Secção I Órgãos de governo</h5><ul class="tree">
<li><a href="#artigo-76º">Artigo 76º Autogoverno</a></li>
<li><a href="#artigo-77º">Artigo 77º Órgãos de governo das universidades e dos institutos universitários</a></li>
<li><a href="#artigo-78º">Artigo 78º Órgãos de governo dos institutos politécnicos</a></li>
<li><a href="#artigo-79º">Artigo 79º Outras instituições</a></li>
<li><a href="#artigo-80º">Artigo 80º Conselho científico ou técnico-científico e conselho pedagógico</a></li></ul></li>
<li><h5 class="tree-toggler">Secção II Conselho geral</h5><ul class="tree">
<li><a href="#artigo-81º">Artigo 81º Composição do conselho geral</a></li>
<li><a href="#artigo-82º">Artigo 82º Competência do conselho geral</a></li>
<li><a href="#artigo-83º">Artigo 83º Competência do presidente do conselho geral</a></li>
<li><a href="#artigo-84º">Artigo 84º Reuniões do conselho geral</a></li></ul></li>
<li><h5 class="tree-toggler">Secção III Reitor e presidente</h5><ul class="tree">
<li><a href="#artigo-85º">Artigo 85º Funções do reitor e do presidente</a></li>
<li><a href="#artigo-86º">Artigo 86º Eleição</a></li>
<li><a href="#artigo-87º">Artigo 87º Duração do mandato</a></li>
<li><a href="#artigo-88º">Artigo 88º Vice-reitores e vice-presidentes</a></li>
<li><a href="#artigo-89º">Artigo 89º Destituição do reitor e do presidente</a></li>
<li><a href="#artigo-90º">Artigo 90º Dedicação exclusiva</a></li>
<li><a href="#artigo-91º">Artigo 91º Substituição do reitor e do presidente</a></li>
<li><a href="#artigo-92º">Artigo 92º Competência do reitor e do presidente</a></li>
<li><a href="#artigo-93º">Artigo 93º Direcção das restantes instituições</a></li></ul></li>
<li><h5 class="tree-toggler">Secção IV Conselho de gestão</h5><ul class="tree">
<li><a href="#artigo-94º">Artigo 94º Composição do conselho de gestão</a></li>
<li><a href="#artigo-95º">Artigo 95º Competência do conselho de gestão</a></li></ul></li>
<li><h5 class="tree-toggler">Secção V Governo e gestão das unidades orgânicas dotadas de órgãos próprios e de autonomia de gestão</h5><ul class="tree">
<li><a href="#artigo-96º">Artigo 96º Estatutos das unidades orgânicas</a></li>
<li><a href="#artigo-97º">Artigo 97º Estrutura dos órgãos</a></li>
<li><a href="#artigo-98º">Artigo 98º Competências</a></li>
<li><a href="#artigo-99º">Artigo 99º Fiscalização financeira</a></li>
<li><a href="#artigo-100º">Artigo 100º Competência do director ou presidente da unidade orgânica</a></li>
<li><a href="#artigo-101º">Artigo 101º Limitação de mandatos</a></li></ul></li>
<li><h5 class="tree-toggler">Secção VI Conselhos científico, técnico-científico e pedagógico</h5><ul class="tree">
<li><a href="#artigo-102º">Artigo 102º Composição do conselho científico ou técnico-científico</a></li>
<li><a href="#artigo-103º">Artigo 103º Competência do conselho científico ou técnico-científico</a></li>
<li><a href="#artigo-104º">Artigo 104º Conselho pedagógico</a></li>
<li><a href="#artigo-105º">Artigo 105º Competência do conselho pedagógico</a></li></ul></li>
<li><h5 class="tree-toggler">Secção VII Incompatibilidades e impedimentos</h5><ul class="tree">
<li><a href="#artigo-106º">Artigo 106º Independência e conflitos de interesses</a></li></ul></li>
<li><h5 class="tree-toggler">Secção VIII Regime remuneratório</h5><ul class="tree">
<li><a href="#artigo-107º">Artigo 107º Remuneração dos titulares dos órgãos de governo e de gestão</a></li></ul></li></ul></li>
<li><h5 class="tree-toggler">Capítulo V Gestão patrimonial, administrativa e financeira</h5><ul class="tree">
<li><h5 class="tree-toggler">Secção I Normas comuns</h5><ul class="tree">
<li><a href="#artigo-108º">Artigo 108º Autonomia de gestão</a></li>
<li><a href="#artigo-109º">Artigo 109º Autonomia patrimonial</a></li>
<li><a href="#artigo-110º">Artigo 110º Autonomia administrativa</a></li>
<li><a href="#artigo-111º">Artigo 111º Autonomia financeira</a></li>
<li><a href="#artigo-112º">Artigo 112º Transparência orçamental</a></li>
<li><a href="#artigo-113º">Artigo 113º Garantias</a></li>
<li><a href="#artigo-114º">Artigo 114º Saldos de gerência</a></li>
<li><a href="#artigo-115º">Artigo 115º Receitas</a></li>
<li><a href="#artigo-116º">Artigo 116º Isenções fiscais</a></li>
<li><a href="#artigo-117º">Artigo 117º Fiscal único</a></li>
<li><a href="#artigo-118º">Artigo 118º Controlo financeiro</a></li></ul></li>
<li><h5 class="tree-toggler">Secção II Pessoal</h5><ul class="tree">
<li><a href="#artigo-119º">Artigo 119º Princípios gerais</a></li>
<li><a href="#artigo-120º">Artigo 120º Pessoal dos quadros</a></li>
<li><a href="#artigo-121º">Artigo 121º Limites à nomeação e contratação</a></li>
<li><a href="#artigo-122º">Artigo 122º Duração dos contratos individuais de trabalho a termo certo</a></li>
<li><a href="#artigo-123º">Artigo 123º Administrador</a></li></ul></li>
<li><h5 class="tree-toggler">Secção III Normas específicas quanto à autonomia de gestão das instituições de ensino universitário públicas</h5><ul class="tree">
<li><a href="#artigo-124º">Artigo 124º Autonomia patrimonial</a></li>
<li><a href="#artigo-125º">Artigo 125º Pessoal e despesas com pessoal</a></li></ul></li>
<li><h5 class="tree-toggler">Secção IV Unidades orgânicas</h5><ul class="tree">
<li><a href="#artigo-126º">Artigo 126º Autonomia de gestão das unidades orgânicas</a></li>
<li><a href="#artigo-127º">Artigo 127º Administrador ou secretário de unidade orgânica</a></li></ul></li>
<li><h5 class="tree-toggler">Secção V Serviços de acção social escolar</h5><ul class="tree">
<li><a href="#artigo-128º">Artigo 128º Serviços de acção social escolar</a></li></ul></li></ul></li>
<li><h5 class="tree-toggler">Capítulo VI Instituições de ensino superior públicas de natureza fundacional</h5><ul class="tree">
<li><a href="#artigo-129º">Artigo 129º Criação da fundação</a></li>
<li><a href="#artigo-130º">Artigo 130º Património da fundação</a></li>
<li><a href="#artigo-131º">Artigo 131º Administração da fundação</a></li>
<li><a href="#artigo-132º">Artigo 132º Autonomia</a></li>
<li><a href="#artigo-133º">Artigo 133º Órgãos dos estabelecimentos</a></li>
<li><a href="#artigo-134º">Artigo 134º Regime jurídico</a></li>
<li><a href="#artigo-135º">Artigo 135º Acesso e ingresso</a></li>
<li><a href="#artigo-136º">Artigo 136º Financiamento</a></li>
<li><a href="#artigo-137º">Artigo 137º Acção social escolar</a></li></ul></li></ul></li>
<li><h5 class="tree-toggler">Título IV Organização e gestão das instituições de ensino superior privadas</h5><ul class="tree">
<li><h5 class="tree-toggler">Capítulo I Disposições introdutórias</h5><ul class="tree">
<li><a href="#artigo-138º">Artigo 138º Princípios de organização</a></li>
<li><a href="#artigo-139º">Artigo 139º Propinas e demais encargos</a></li></ul></li>
<li><h5 class="tree-toggler">Capítulo II Estatutos</h5><ul class="tree">
<li><a href="#artigo-140º">Artigo 140º Estatutos e regulamentos</a></li>
<li><a href="#artigo-141º">Artigo 141º Reserva de estatuto</a></li>
<li><a href="#artigo-142º">Artigo 142º Registo e publicação dos estatutos</a></li></ul></li>
<li><h5 class="tree-toggler">Capítulo III Autonomia dos estabelecimentos de ensino superior privados</h5><ul class="tree">
<li><a href="#artigo-143º">Artigo 143º Vertentes da autonomia</a></li></ul></li>
<li><h5 class="tree-toggler">Capítulo IV Organização</h5><ul class="tree">
<li><a href="#artigo-144º">Artigo 144º Estrutura orgânica</a></li>
<li><a href="#artigo-145º">Artigo 145º Conselhos científico, técnico-científico e pedagógico</a></li>
<li><a href="#artigo-146º">Artigo 146º Participação de docentes e discentes</a></li></ul></li></ul></li>
<li><h5 class="tree-toggler">Título V Avaliação e acreditação, fiscalização, tutela e responsabilidade das instituições de ensino superior</h5><ul class="tree">
<li><h5 class="tree-toggler">Capítulo I Avaliação e acreditação</h5><ul class="tree">
<li><a href="#artigo-147º">Artigo 147º Avaliação e acreditação das instituições de ensino superior</a></li></ul></li>
<li><h5 class="tree-toggler">Capítulo II Fiscalização e inspecção</h5><ul class="tree">
<li><a href="#artigo-148º">Artigo 148º Fiscalização</a></li>
<li><a href="#artigo-149º">Artigo 149º Inspecção</a></li></ul></li>
<li><h5 class="tree-toggler">Capítulo III Tutela</h5><ul class="tree">
<li><a href="#artigo-150º">Artigo 150º Tutela</a></li>
<li><a href="#artigo-151º">Artigo 151º Delegação de competências</a></li>
<li><a href="#artigo-152º">Artigo 152º Situações de crise</a></li>
<li><a href="#artigo-153º">Artigo 153º Encerramento compulsivo</a></li>
<li><a href="#artigo-154º">Artigo 154º Medidas preventivas</a></li>
<li><a href="#artigo-155º">Artigo 155º Reconversão</a></li>
<li><a href="#artigo-156º">Artigo 156º Salvaguarda dos interesses dos estudantes</a></li></ul></li>
<li><h5 class="tree-toggler">Capítulo IV Responsabilidade</h5><ul class="tree">
<li><a href="#artigo-157º">Artigo 157º Responsabilidade das instituições de ensino superior</a></li>
<li><a href="#artigo-158º">Artigo 158º Tribunal de Contas</a></li>
<li><a href="#artigo-159º">Artigo 159º Relatório anual</a></li>
<li><a href="#artigo-160º">Artigo 160º Contas</a></li>
<li><a href="#artigo-161º">Artigo 161º Transparência</a></li>
<li><a href="#artigo-162º">Artigo 162º Informação e publicidade</a></li></ul></li>
<li><h5 class="tree-toggler">Capítulo V Taxas</h5><ul class="tree">
<li><a href="#artigo-163º">Artigo 163º Taxas</a></li></ul></li>
<li><h5 class="tree-toggler">Capítulo VI Ilícitos de mera ordenação social</h5><ul class="tree">
<li><a href="#artigo-164º">Artigo 164º Ilícitos em especial</a></li>
<li><a href="#artigo-165º">Artigo 165º Cumprimento do dever omitido</a></li>
<li><a href="#artigo-166º">Artigo 166º Sanções acessórias</a></li>
<li><a href="#artigo-167º">Artigo 167º Competência para o processo</a></li>
<li><a href="#artigo-168º">Artigo 168º Produto das coimas</a></li>
<li><a href="#artigo-169º">Artigo 169º Direito subsidiário</a></li></ul></li></ul></li>
<li><h5 class="tree-toggler">Título VI Conselho Coordenador do Ensino Superior</h5><ul class="tree">
<li><a href="#artigo-170º">Artigo 170º Missão do Conselho Coordenador do Ensino Superior</a></li>
<li><a href="#artigo-171º">Artigo 171º Composição, modo de funcionamento e competências do Conselho Coordenador do Ensino Superior</a></li></ul></li>
<li><h5 class="tree-toggler">Título VII Disposições transitórias e finais</h5><ul class="tree">
<li><h5 class="tree-toggler">Capítulo I Disposições transitórias</h5><ul class="tree">
<li><a href="#artigo-172º">Artigo 172º Novos estatutos</a></li>
<li><a href="#artigo-173º">Artigo 173º Unidades orgânicas</a></li>
<li><a href="#artigo-174º">Artigo 174º Renovação dos mandatos</a></li>
<li><a href="#artigo-175º">Artigo 175º Património das instituições de ensino superior públicas</a></li>
<li><a href="#artigo-176º">Artigo 176º Procedimentos de reconhecimento de interesse público em curso</a></li>
<li><a href="#artigo-177º">Artigo 177º Passagem ao regime fundacional</a></li>
<li><a href="#artigo-178º">Artigo 178º Acumulações</a></li></ul></li>
<li><h5 class="tree-toggler">Capítulo II Disposições finais</h5><ul class="tree">
<li><a href="#artigo-179º">Artigo 179º Ensino superior público especial</a></li>
<li><a href="#artigo-180º">Artigo 180º Universidade Católica e outros estabelecimentos canónicos</a></li>
<li><a href="#artigo-181º">Artigo 181º Acesso ao ensino superior</a></li>
<li><a href="#artigo-182º">Artigo 182º Norma revogatória</a></li>
<li><a href="#artigo-183º">Artigo 183º Adequação</a></li>
<li><a href="#artigo-184º">Artigo 184º Entrada em vigor</a></li>
<li><a href="#artigo-185º">Artigo 185º Avaliação da aplicação</a></li></ul></li></ul></li></ul></div></html>