<html xmlns="http://www.w3.org/1999/xhtml"><head><meta http-equiv="Content-Type" content="text/html; charset=utf-8"></head>
<div>
<ul class="tree">
<li><a href="#Artigo-1º">Artigo 1º Objeto</a></li>
<li><a href="#Artigo-2º">Artigo 2º Alteração à Portaria nº 13/2012, de 13 de janeiro</a></li>
<li><a href="#Artigo-3º">Artigo 3º Referências legais</a></li>
<li><a href="#Artigo-4º">Artigo 4º Aplicação no tempo</a></li>
<li><a href="#Artigo-5º">Artigo 5º Entrada em vigor</a></li></ul></div></html>