<html xmlns="http://www.w3.org/1999/xhtml"><head><meta http-equiv="Content-Type" content="text/html; charset=utf-8"></head>
<p>Portaria nº <a href="#" >112/2015</a></p>
<p>de 21 de abril</p>
<p>O Decreto-Lei nº <a href="#" >154/2005</a>, de 6 de setembro, que cria e define as medidas de proteção fitossanitária destinadas a evitar a introdução e dispersão no território nacional e comunitário, incluindo nas zonas protegidas, de organismos prejudiciais aos vegetais e produtos vegetais qualquer que seja a sua origem ou proveniência, e o Decreto-Lei nº <a href="#" >216/2001</a>, de 3 de agosto, que estabelece as normas relativas à produção, controlo, certificação e comercialização de batata-semente, proíbem a introdução no território nacional e comunitário de batata-semente quando originária de determinados países.</p>
<p>No entanto, a Comissão Europeia tem permitido aos Estados membros autorizar a importação de batata-semente da variedade Kennebec, originária do Canadá, mediante o estabelecimento de certas garantias fitossanitárias, como é o caso da pesquisa para deteção da eventual presença da bactéria de quarentena Clavibacter michiganensis (Smith) Davis et al. ssp. sepedonicus (Spieckermann et Kotthoff) Davis et al., causadora da doença da podridão anelar da batata.</p>
<p>Neste sentido, foi publicada a Portaria nº <a href="#" >13/2012</a>, de 13 de janeiro, que autorizou a importação temporária de batata-semente da variedade Kennebec, originária do Canadá, e fixou o prazo de validade das decisões de equivalência relativas à comercialização de batata-semente proveniente de países terceiros, em conformidade com o disposto na <a href="/application/external/eurolex?11D0778" rel="nofollow" target="_blank" title="Link para Decisão da União Europeia">Decisão de Execução nº 2011/778/UE</a>, da Comissão, de 28 de novembro de 2011, que autorizou determinados Estados membros a prever derrogações temporárias de certas disposições da <a href="/application/external/eurolex?00L0029" rel="nofollow" target="_blank" title="Link para Diretiva da Comunidade Europeia">Diretiva nº 2000/29/CE</a>, do Conselho, de 8 de maio de 2000, relativamente à batata-semente originária de determinadas províncias do Canadá, e, complementarmente, na <a href="/application/external/eurolex?11D0820" rel="nofollow" target="_blank" title="Link para Decisão da União Europeia">Decisão de Execução nº 2011/820/UE</a>, da Comissão, de 7 de dezembro de 2011, que autorizou os Estados membros a prorrogar, até 31 de março de 2014, o prazo de validade das decisões de equivalência relativas à comercialização de batata-semente proveniente de países terceiros.</p>
<p>Entretanto, foi aprovada a <a href="/application/external/eurolex?14D0368" rel="nofollow" target="_blank" title="Link para Decisão da União Europeia">Decisão de Execução nº 2014/368/UE</a>, da Comissão, de 16 de junho de 2014, que prorrogou até 31 de março de 2024 os prazos de importação temporária da batata-semente originária do Canadá, alterando a <a href="/application/external/eurolex?11D0778" rel="nofollow" target="_blank" title="Link para Decisão da União Europeia">Decisão de Execução nº 2011/778/UE</a>, da Comissão, de 28 de novembro de 2011. Complementarmente foi igualmente aprovada a <a href="/application/external/eurolex?14D0367" rel="nofollow" target="_blank" title="Link para Decisão da União Europeia">Decisão de Execução nº 2014/367/UE</a>, da Comissão, de 16 de junho de 2014, que prorrogou até 31 de março de 2017 o prazo de validade das decisões de equivalência relativas à comercialização de batata-semente proveniente de países terceiros.</p>
<p>Importa, por isso, alterar a Portaria nº <a href="#" >13/2012</a>, de 13 de janeiro, em conformidade com o disposto nas referidas decisões comunitárias.</p>
<p>Assim:</p>
<p>Nos termos do artigo <a href="#" >31º</a> do Decreto-Lei nº <a href="#" >154/2005</a>, de 6 de setembro, alterado pelos Decretos-Leis n.os <a href="#" >193/2006</a>, de 26 de setembro, <a href="#" >16/2008</a>, de 24 de janeiro, <a href="#" >4/2009</a>, de 5 de janeiro, <a href="#" >243/2009</a>, de 17 de setembro, <a href="#" >7/2010</a>, de 25 de janeiro, <a href="#" >32/2010</a>, de 13 de abril, <a href="#" >95/2011</a>, de 8 de agosto, <a href="#" >115/2014</a> de 5 de agosto, e <a href="#" >170/2014</a>, de 7 de novembro, e de acordo com o disposto na subalínea iv) da alínea c) do artigo <a href="#" >2º</a> do Decreto-Lei nº <a href="#" >216/2001</a>, de 3 de agosto, alterado pelo Decreto-Lei nº <a href="#" >21/2004</a>, de 22 de janeiro, manda o Governo, pelo Secretário de Estado da Alimentação e da Investigação Agroalimentar, no uso das competências delegadas através do Despacho nº <a href="#" >12256-A/2014</a>, de 3 de outubro, o seguinte:</p>
<div class="article" id="artigo-1º" ><h5 class="title" ><a>Artigo <a href="#artigo-1º" >1º</a></a>
<p>Objeto</p></h5>
<p>A presente portaria autoriza a importação temporária de batata-semente da variedade Kennebec, originária do Canadá, e fixa o prazo de validade das decisões de equivalência relativas à comercialização de batata-semente proveniente de países terceiros, procedendo à primeira alteração à Portaria nº <a href="#" >13/2012</a>, de 13 de janeiro.</p></div>
<div class="article" id="artigo-2º" ><h5 class="title" ><a>Artigo <a href="#artigo-2º" >2º</a></a>
<p>Alteração à Portaria nº <a href="#" >13/2012</a>, de 13 de janeiro</p></h5>
<p>Os artigos <a href="#" >2º</a> e <a href="#" >7º</a> da Portaria nº <a href="#" >13/2012</a>, de 13 de janeiro, passam a ter a seguinte redação:</p><blockquote>
<div class="article" ><h5 class="title" ><a>Artigo <a>2º</a></a>
<p>[...]</p></h5><ol><li class="number list-unstyled" >
<span><a>1 -</a> </span>
<span> É autorizada a importação de batata-semente da variedade Kennebec, originária das províncias de New Brunswick e Prince Edward Island, no Canadá, até 31 de março de 2024, durante os períodos de 1 de dezembro a 31 de março, sendo que a data de 31 de março de cada ano corresponderá ao último dia de entrada no território nacional, desde que cumpridas as exigências constantes da <a href="/application/external/eurolex?11D0778" rel="nofollow" target="_blank" title="Link para Decisão da União Europeia">Decisão de Execução nº 2011/778/UE</a>, da Comissão, de 28 de novembro de 2011, alterada pela <a href="/application/external/eurolex?14D0368" rel="nofollow" target="_blank" title="Link para Decisão da União Europeia">Decisão de Execução nº 2014/368/UE</a>, da Comissão, de 16 de junho de 2014, e nos termos previstos na presente portaria.</span></li><li class="number list-unstyled" >
<span><a>2 -</a> </span>
<span> [...].</span></li><li class="number list-unstyled" >
<span><a>3 -</a> </span>
<span> Os importadores desta batata-semente devem participar à Direção-Geral de Alimentação e Veterinária (DGAV), com a antecedência mínima de dez dias, os quantitativos a importar e a data provável da importação da batata, bem como a localização dos respetivos armazéns.</span></li></ol></div>
<div class="article" ><h5 class="title" ><a>Artigo <a>7º</a></a>
<p>[...]</p></h5>
<p>O prazo de validade das decisões de equivalência relativas à comercialização de batata-semente proveniente de países terceiros termina a 31 de março de 2017, de acordo com o disposto na <a href="/application/external/eurolex?14D0367" rel="nofollow" target="_blank" title="Link para Decisão da União Europeia">Decisão de Execução nº 2014/367/UE</a>, da Comissão, de 16 de junho de 2014.</p></div></blockquote></div>
<div class="article" id="artigo-3º" ><h5 class="title" ><a>Artigo <a href="#artigo-3º" >3º</a></a>
<p>Referências legais</p></h5>
<p>As referências à Direção-Geral de Agricultura e Desenvolvimento Rural (DGADR) constantes da Portaria nº <a href="#" >13/2012</a>, de 13 de janeiro, consideram-se efetuadas à Direção-Geral de Alimentação e Veterinária (DGAV).</p></div>
<div class="article" id="artigo-4º" ><h5 class="title" ><a>Artigo <a href="#artigo-4º" >4º</a></a>
<p>Aplicação no tempo</p></h5><ol><li class="number list-unstyled" id="artigo-4º-numero-1" >
<span><a href="#artigo-4º-numero-1" >1 -</a> </span>
<span> O disposto na presente portaria é aplicável aos pedidos de autorização de importação de batata-semente da variedade Kennebec, originária das províncias de New Brunswick e Prince Edward Island, no Canadá, que tenham dado entrada na DGAV antes da data de entrada em vigor da mesma.</span></li><li class="number list-unstyled" id="artigo-4º-numero-2" >
<span><a href="#artigo-4º-numero-2" >2 -</a> </span>
<span> Os pedidos referidos no número anterior, não estão sujeitos ao cumprimento do prazo referido no nº 3 do artigo <a href="#" >2º</a> da Portaria nº <a href="#" >13/2012</a>, de 13 de janeiro, na redação que lhe foi conferida pela presente portaria.</span></li></ol></div>
<div class="article" id="artigo-5º" ><h5 class="title" ><a>Artigo <a href="#artigo-5º" >5º</a></a>
<p>Entrada em vigor</p></h5>
<p>A presente portaria entra em vigor no dia seguinte ao da sua publicação.</p>
<p>O Secretário de Estado da Alimentação e da Investigação Agroalimentar, Alexandre Nuno Vaz Baptista de Vieira e Brito, em 2 de abril de 2015.</p></div></html>