<html xmlns="http://www.w3.org/1999/xhtml"><head><meta http-equiv="Content-Type" content="text/html; charset=utf-8"></head>
<p>Decreta que:</p>
<div class="title"><h3 class="title">Título I
<p>Princípios</p></h3>
<div class="clause"><h5 class="title">I
<p>PrincípiosI</p></h5>
<p>Bla bla bla</p></div></div></html>